1787362575.697 pid=12929 tid=ThreadId(1) renderer requested=require_cpu
1787362576.551 pid=12929 tid=ThreadId(1) semantic_state {"locus":{"id":"demo:title:1","kind":"title","label":"Hello"},"playhead":"0s","duration":"4s","playing":false,"interaction":"idle","gesture":{"kind":"none"},"drag":null,"last_gesture_error":null,"reason":"open"}
1787362576.551 pid=12929 tid=ThreadId(1) open ok dirty=false playhead=Time { num: 0, den: 1 } diagnostics=0
1787362576.708 pid=12929 tid=ThreadId(1) first paint preview=none
1787362576.708 pid=12929 tid=ThreadId(1) semantic_state {"locus":{"id":"demo:title:1","kind":"title","label":"Hello"},"playhead":"0s","duration":"4s","playing":false,"interaction":"idle","gesture":{"kind":"none"},"drag":null,"last_gesture_error":null,"reason":"first-paint"}
1787362577.563 pid=12929 tid=ThreadId(9) preview renderer requested=require_cpu, active=cpu, adapter=none, reason=explicit CPU renderer request
1787362577.689 pid=12929 tid=ThreadId(1) preview frame 0.00s memory 640x360
1787362630.247 pid=12929 tid=ThreadId(1) smoke_geom {"play":{"x":396.0,"y":102.0,"w":51.0,"h":31.0},"ruler":{"x":72.0,"y":685.0,"w":640.0,"h":23.0},"rail":{"x":72.0,"w":640.0},"tracks":[{"name":"Video","x":72.0,"y":723.0,"w":640.0,"h":22.0},{"name":"Audio","x":72.0,"y":755.0,"w":640.0,"h":22.0},{"name":"Text","x":72.0,"y":787.0,"w":640.0,"h":22.0}],"tree":[{"id":"sequence:main","kind":"sequence","label":"main","x":16.0,"y":150.0,"w":182.0,"h":23.0},{"id":"scene:demo","kind":"scene","label":"demo","x":30.0,"y":173.0,"w":182.0,"h":22.0},{"id":"source:clip","kind":"source","label":"clip","x":44.0,"y":196.0,"w":182.0,"h":23.0},{"id":"demo:title:1","kind":"title","label":"Hello","x":44.0,"y":218.0,"w":182.0,"h":23.0},{"id":"demo:callout:2","kind":"callout","label":"Hold","x":44.0,"y":241.0,"w":182.0,"h":22.0}],"canvas":{"x":220.0,"y":163.0,"w":640.0,"h":360.0}}
1787362642.492 pid=12929 tid=ThreadId(1) semantic_state {"locus":{"id":"demo:title:1","kind":"title","label":"Hello"},"playhead":"1s","duration":"4s","playing":false,"interaction":"idle","gesture":{"kind":"none"},"drag":null,"last_gesture_error":null,"reason":"tree-select"}
1787362642.669 pid=12929 tid=ThreadId(1) preview frame 1.00s memory 640x360
1787362654.818 pid=12929 tid=ThreadId(1) canvas drag geometry=Some((220.0, 163.0, 640.0, 360.0)) pointer=CanvasPoint { x: 31.003829956054688, y: 305.00714111328125 } overlay=CanvasRect { x: 0.0, y: 292.0, width: 480.0, height: 68.0 } canvas=CanvasSize { width: 640.0, height: 360.0 }
1787362654.818 pid=12929 tid=ThreadId(1) canvas drag begin locus=demo:title:1 pointer=31.0,305.0
1787362654.818 pid=12929 tid=ThreadId(1) semantic_state {"locus":{"id":"demo:title:1","kind":"title","label":"Hello"},"playhead":"1s","duration":"4s","playing":false,"interaction":"canvas-drag","gesture":{"kind":"none"},"drag":{"kind":"canvas-move","source":"demo:title:1","target":{"x":0,"y":8111},"valid":true},"last_gesture_error":null,"reason":"canvas-drag-begin","focused":"studio"}
1787362654.819 pid=12929 tid=ThreadId(1) canvas drag commit outcome=Clicked undo=0
1787362654.819 pid=12929 tid=ThreadId(1) semantic_state {"locus":{"id":"demo:title:1","kind":"title","label":"Hello"},"playhead":"1s","duration":"4s","playing":false,"interaction":"idle","gesture":{"kind":"none"},"drag":null,"last_gesture_error":null,"reason":"canvas-drag-commit","focused":"studio"}
1787362654.819 pid=12929 tid=ThreadId(1) preview queue canvas-drag
1787362654.918 pid=12929 tid=ThreadId(1) preview frame 1.00s memory 640x360
1787362677.123 pid=12929 tid=ThreadId(1) canvas drag geometry=Some((220.0, 163.0, 640.0, 360.0)) pointer=CanvasPoint { x: 31.003829956054688, y: 305.00714111328125 } overlay=CanvasRect { x: 0.0, y: 292.0, width: 480.0, height: 68.0 } canvas=CanvasSize { width: 640.0, height: 360.0 }
1787362677.124 pid=12929 tid=ThreadId(1) canvas drag begin locus=demo:title:1 pointer=31.0,305.0
1787362677.124 pid=12929 tid=ThreadId(1) semantic_state {"locus":{"id":"demo:title:1","kind":"title","label":"Hello"},"playhead":"1s","duration":"4s","playing":false,"interaction":"canvas-drag","gesture":{"kind":"none"},"drag":{"kind":"canvas-move","source":"demo:title:1","target":{"x":0,"y":8111},"valid":true},"last_gesture_error":null,"reason":"canvas-drag-begin","focused":"studio"}
1787362677.125 pid=12929 tid=ThreadId(1) semantic_state {"locus":{"id":"demo:title:1","kind":"title","label":"Hello"},"playhead":"1s","duration":"4s","playing":false,"interaction":"canvas-drag","gesture":{"kind":"none"},"drag":{"kind":"canvas-move","source":"demo:title:1","target":{"x":938,"y":8111},"valid":true},"last_gesture_error":null,"reason":"canvas-drag-update","focused":"studio"}
1787362677.172 pid=12929 tid=ThreadId(1) canvas drag commit outcome=Applied undo=1
1787362677.172 pid=12929 tid=ThreadId(1) semantic_state {"locus":{"id":"demo:title:1","kind":"title","label":"Hello"},"playhead":"1s","duration":"4s","playing":false,"interaction":"idle","gesture":{"kind":"none"},"drag":null,"last_gesture_error":null,"reason":"canvas-drag-commit","focused":"studio"}
1787362677.172 pid=12929 tid=ThreadId(1) preview queue canvas-drag
1787362677.186 pid=12929 tid=ThreadId(9) preview renderer rebound requested=require_cpu, active=cpu, adapter=none, reason=explicit CPU renderer request
1787362677.280 pid=12929 tid=ThreadId(1) preview frame 1.00s memory 640x360
1787362716.945 pid=12929 tid=ThreadId(1) semantic_state {"locus":{"id":"demo:callout:2","kind":"callout","label":"Hold"},"playhead":"2s","duration":"4s","playing":false,"interaction":"idle","gesture":{"kind":"none"},"drag":null,"last_gesture_error":null,"reason":"tree-select","focused":"vel.editor"}
1787362717.062 pid=12929 tid=ThreadId(1) preview frame 2.00s memory 640x360
1787362733.537 pid=12929 tid=ThreadId(1) gesture begin track=Text x=242.0 kind=MoveOverlay { clip_id: "demo:title:1", kind: Title, original: TimeSpan { start: Time { num: 1, den: 1 }, duration: Time { num: 3, den: 1 } }, preview: TimeSpan { start: Time { num: 1, den: 1 }, duration: Time { num: 3, den: 1 } }, grab_offset: Time { num: 51253, den: 100000 }, start_x: 242.00479125976563, moved: false, scene_offset: Time { num: 0, den: 1 } } playhead=2.00s
1787362733.538 pid=12929 tid=ThreadId(1) semantic_state {"locus":{"id":"demo:callout:2","kind":"callout","label":"Hold"},"playhead":"2s","duration":"4s","playing":false,"interaction":"move-overlay","gesture":{"kind":"move-overlay","source":"demo:title:1","preview_start":"1s","preview_end":"4s","moved":false,"valid":true},"drag":{"kind":"overlay","source":"demo:title:1","target":{"start":"1s","end":"4s"},"valid":true},"last_gesture_error":null,"reason":"timeline-pointer-begin","focused":"studio"}
1787362733.538 pid=12929 tid=ThreadId(1) gesture commit x=242.0 outcome=Clicked playhead=2.00s undo=1
1787362733.538 pid=12929 tid=ThreadId(1) semantic_state {"locus":{"id":"demo:title:1","kind":"title","label":"Hello"},"playhead":"2s","duration":"4s","playing":false,"interaction":"idle","gesture":{"kind":"none"},"drag":null,"last_gesture_error":null,"reason":"timeline-pointer-commit","focused":"studio"}
1787362733.683 pid=12929 tid=ThreadId(1) preview frame 2.00s memory 640x360
1787362808.231 pid=12929 tid=ThreadId(1) preview frame 0.00s memory 640x360
1787362862.051 pid=12929 tid=ThreadId(1) preview queue renderer-change
1787362862.051 pid=12929 tid=ThreadId(1) renderer requested=require_gpu_dx12
1787362862.066 pid=12929 tid=ThreadId(9) preview renderer sampler reset by explicit selection
1787362862.088 pid=12929 tid=ThreadId(1) preview worker err renderer unavailable (requested=require_gpu_dx12, active=none, adapter=none, reason=DX12 is only available on Windows)
1787362862.088 pid=12929 tid=ThreadId(1) preview renderer blocks A/V play requested=require_gpu_dx12 error=renderer unavailable (requested=require_gpu_dx12, active=none, adapter=none, reason=DX12 is only available on Windows)
1787362862.104 pid=12929 tid=ThreadId(1) smoke_geom {"play":{"x":1151.0,"y":67.0,"w":51.0,"h":30.0},"ruler":{"x":72.0,"y":685.0,"w":640.0,"h":23.0},"rail":{"x":72.0,"w":640.0},"tracks":[{"name":"Video","x":72.0,"y":723.0,"w":640.0,"h":22.0},{"name":"Audio","x":72.0,"y":755.0,"w":640.0,"h":22.0},{"name":"Text","x":72.0,"y":787.0,"w":640.0,"h":22.0}],"tree":[{"id":"sequence:main","kind":"sequence","label":"main","x":16.0,"y":150.0,"w":182.0,"h":23.0},{"id":"scene:demo","kind":"scene","label":"demo","x":30.0,"y":173.0,"w":182.0,"h":22.0},{"id":"source:clip","kind":"source","label":"clip","x":44.0,"y":196.0,"w":182.0,"h":23.0},{"id":"demo:title:1","kind":"title","label":"Hello","x":44.0,"y":218.0,"w":182.0,"h":23.0},{"id":"demo:callout:2","kind":"callout","label":"Hold","x":44.0,"y":241.0,"w":182.0,"h":22.0}],"canvas":{"x":220.0,"y":163.0,"w":640.0,"h":360.0}}
1787362881.824 pid=12929 tid=ThreadId(1) smoke_geom {"play":{"x":1353.0,"y":102.0,"w":51.0,"h":31.0},"ruler":{"x":72.0,"y":685.0,"w":640.0,"h":23.0},"rail":{"x":72.0,"w":640.0},"tracks":[{"name":"Video","x":72.0,"y":723.0,"w":640.0,"h":22.0},{"name":"Audio","x":72.0,"y":755.0,"w":640.0,"h":22.0},{"name":"Text","x":72.0,"y":787.0,"w":640.0,"h":22.0}],"tree":[{"id":"sequence:main","kind":"sequence","label":"main","x":16.0,"y":185.0,"w":182.0,"h":22.0},{"id":"scene:demo","kind":"scene","label":"demo","x":30.0,"y":208.0,"w":182.0,"h":23.0},{"id":"source:clip","kind":"source","label":"clip","x":44.0,"y":231.0,"w":182.0,"h":23.0},{"id":"demo:title:1","kind":"title","label":"Hello","x":44.0,"y":253.0,"w":182.0,"h":22.0},{"id":"demo:callout:2","kind":"callout","label":"Hold","x":44.0,"y":276.0,"w":182.0,"h":23.0}],"canvas":{"x":220.0,"y":198.0,"w":640.0,"h":360.0}}
1787362899.480 pid=12929 tid=ThreadId(1) semantic_state {"locus":{"id":"scene:demo","kind":"scene","label":"demo"},"playhead":"1s","duration":"4s","playing":false,"interaction":"idle","gesture":{"kind":"none"},"drag":null,"last_gesture_error":null,"reason":"tree-select","focused":"vel.editor"}
1787362920.172 pid=12929 tid=ThreadId(1) gesture begin track=Audio x=515.0 kind=Scrub { start_playhead: Time { num: 1, den: 1 }, start_x: 515.0089721679688 } playhead=3.20s
1787362920.173 pid=12929 tid=ThreadId(1) semantic_state {"locus":{"id":"scene:demo","kind":"scene","label":"demo"},"playhead":"3.2s","duration":"4s","playing":false,"interaction":"scrub","gesture":{"kind":"scrub","start_playhead":"1s"},"drag":null,"last_gesture_error":null,"reason":"timeline-pointer-begin","focused":"studio"}
1787362920.173 pid=12929 tid=ThreadId(1) gesture commit x=515.0 outcome=Scrubbed playhead=3.20s undo=1
1787362920.173 pid=12929 tid=ThreadId(1) semantic_state {"locus":{"id":"demo:title:1","kind":"title","label":"Hello"},"playhead":"3.2s","duration":"4s","playing":false,"interaction":"idle","gesture":{"kind":"none"},"drag":null,"last_gesture_error":null,"reason":"timeline-pointer-commit","focused":"studio"}
1787363515.536 pid=12929 tid=ThreadId(1) semantic_state {"locus":{"id":"scene:demo","kind":"scene","label":"demo"},"playhead":"3.2s","duration":"4s","playing":false,"interaction":"idle","gesture":{"kind":"none"},"drag":null,"last_gesture_error":null,"reason":"tree-select","focused":"studio"}
