1787363909.749 pid=44135 tid=ThreadId(1) start exe=/workspace/target/debug/lattice-studio cwd=/workspace vel=/tmp/lattice-studio-ui-fixtures/dense-project/main.vel fixture=dense-project log=/tmp/capture/run-dense-project/studio.log preview=off autoplay=off smoke=240000ms rustc=0.1.0
1787363909.749 pid=44135 tid=ThreadId(1) renderer requested=require_cpu
1787363909.749 pid=44135 tid=ThreadId(1) compile/open /tmp/lattice-studio-ui-fixtures/dense-project/main.vel
1787363910.560 pid=44135 tid=ThreadId(1) ui fixture=dense-project
1787363910.560 pid=44135 tid=ThreadId(1) semantic_state {"locus":{"id":"one:title:1","kind":"title","label":"One"},"playhead":"0s","duration":"4s","playing":false,"interaction":"idle","gesture":{"kind":"none"},"drag":null,"last_gesture_error":null,"fixture":"dense-project","reason":"open"}
1787363910.560 pid=44135 tid=ThreadId(1) open ok dirty=false playhead=Time { num: 0, den: 1 } diagnostics=0
1787363910.560 pid=44135 tid=ThreadId(1) smoke timeout 240000ms
1787363910.560 pid=44135 tid=ThreadId(1) Application::run
1787363910.885 pid=44135 tid=ThreadId(1) open_window
1787363910.983 pid=44135 tid=ThreadId(1) StudioView::new
1787363910.984 pid=44135 tid=ThreadId(1) preview worker spawned
1787363910.984 pid=44135 tid=ThreadId(1) audio monitor explicitly disabled
1787363910.984 pid=44135 tid=ThreadId(1) first paint preview=none
1787363910.984 pid=44135 tid=ThreadId(1) semantic_state {"locus":{"id":"one:title:1","kind":"title","label":"One"},"playhead":"0s","duration":"4s","playing":false,"interaction":"idle","gesture":{"kind":"none"},"drag":null,"last_gesture_error":null,"fixture":"dense-project","reason":"first-paint"}
1787363911.267 pid=44135 tid=ThreadId(1) open_window ok
1787363911.267 pid=44135 tid=ThreadId(1) activate
1787363911.269 pid=44135 tid=ThreadId(1) smoke_geom {"play":{"x":1115.0,"y":67.0,"w":51.0,"h":30.0},"ruler":{"x":72.0,"y":685.0,"w":640.0,"h":23.0},"rail":{"x":72.0,"w":640.0},"tracks":[{"name":"Video","x":72.0,"y":723.0,"w":640.0,"h":22.0},{"name":"Audio","x":72.0,"y":755.0,"w":640.0,"h":22.0},{"name":"Text","x":72.0,"y":787.0,"w":640.0,"h":22.0}],"tree":[{"id":"sequence:main","kind":"sequence","label":"main","x":16.0,"y":150.0,"w":183.0,"h":23.0},{"id":"scene:one","kind":"scene","label":"one","x":30.0,"y":173.0,"w":183.0,"h":22.0},{"id":"source:clip-one","kind":"source","label":"clip-one","x":44.0,"y":196.0,"w":183.0,"h":23.0},{"id":"one:title:1","kind":"title","label":"One","x":44.0,"y":218.0,"w":183.0,"h":23.0},{"id":"one:callout:2","kind":"callout","label":"Cue 1","x":44.0,"y":241.0,"w":183.0,"h":22.0},{"id":"scene:two","kind":"scene","label":"two","x":30.0,"y":263.0,"w":183.0,"h":23.0},{"id":"source:clip-two","kind":"source","label":"clip-two","x":44.0,"y":286.0,"w":183.0,"h":23.0},{"id":"two:title:1","kind":"title","label":"Two","x":44.0,"y":308.0,"w":183.0,"h":22.0},{"id":"two:callout:2","kind":"callout","label":"Cue 2","x":44.0,"y":331.0,"w":183.0,"h":23.0},{"id":"scene:three","kind":"scene","label":"three","x":30.0,"y":354.0,"w":183.0,"h":22.0},{"id":"source:clip-three","kind":"source","label":"clip-three","x":44.0,"y":377.0,"w":183.0,"h":23.0},{"id":"three:title:1","kind":"title","label":"Three","x":44.0,"y":399.0,"w":183.0,"h":23.0},{"id":"three:callout:2","kind":"callout","label":"Cue 3","x":44.0,"y":422.0,"w":183.0,"h":22.0},{"id":"scene:four","kind":"scene","label":"four","x":30.0,"y":444.0,"w":183.0,"h":23.0},{"id":"source:clip-four","kind":"source","label":"clip-four","x":44.0,"y":467.0,"w":183.0,"h":23.0},{"id":"four:title:1","kind":"title","label":"Four","x":44.0,"y":489.0,"w":183.0,"h":22.0},{"id":"four:callout:2","kind":"callout","label":"Cue 4","x":44.0,"y":512.0,"w":183.0,"h":23.0}]}
1787363913.363 pid=44135 tid=ThreadId(1) preview queue tree
1787363913.363 pid=44135 tid=ThreadId(1) semantic_state {"locus":{"id":"sequence:main","kind":"sequence","label":"main"},"playhead":"0s","duration":"4s","playing":false,"interaction":"idle","gesture":{"kind":"none"},"drag":null,"last_gesture_error":null,"fixture":"dense-project","reason":"tree-select","focused":"studio"}
1787363914.281 pid=44135 tid=ThreadId(1) preview queue tree
1787363914.282 pid=44135 tid=ThreadId(1) semantic_state {"locus":{"id":"one:title:1","kind":"title","label":"One"},"playhead":"0s","duration":"4s","playing":false,"interaction":"idle","gesture":{"kind":"none"},"drag":null,"last_gesture_error":null,"fixture":"dense-project","reason":"tree-select","focused":"studio"}
1787363915.220 pid=44135 tid=ThreadId(1) preview queue tree
1787363915.220 pid=44135 tid=ThreadId(1) semantic_state {"locus":{"id":"scene:one","kind":"scene","label":"one"},"playhead":"0s","duration":"4s","playing":false,"interaction":"idle","gesture":{"kind":"none"},"drag":null,"last_gesture_error":null,"fixture":"dense-project","reason":"tree-select","focused":"studio"}
1787363916.087 pid=44135 tid=ThreadId(1) preview queue tree
1787363916.087 pid=44135 tid=ThreadId(1) semantic_state {"locus":{"id":"sequence:main","kind":"sequence","label":"main"},"playhead":"0s","duration":"4s","playing":false,"interaction":"idle","gesture":{"kind":"none"},"drag":null,"last_gesture_error":null,"fixture":"dense-project","reason":"tree-select","focused":"studio"}
1787363916.880 pid=44135 tid=ThreadId(1) gesture begin track=Video x=416.0 kind=Reorder { clip_id: "three:video:3", scene_id: "scene:three", original_index: 2, proposed_index: 2, start_x: 416.0074462890625, moved: false } playhead=0.00s
1787363916.880 pid=44135 tid=ThreadId(1) semantic_state {"locus":{"id":"sequence:main","kind":"sequence","label":"main"},"playhead":"0s","duration":"4s","playing":false,"interaction":"reorder","gesture":{"kind":"reorder","source":"three:video:3","target":"scene:three","original_index":2,"proposed_index":2,"moved":false,"valid":true},"drag":{"kind":"reorder","source":"three:video:3","target":2,"valid":true},"last_gesture_error":null,"fixture":"dense-project","reason":"timeline-pointer-begin","focused":"studio"}
1787363916.952 pid=44135 tid=ThreadId(1) gesture commit x=416.0 outcome=Clicked playhead=0.00s undo=0
1787363916.952 pid=44135 tid=ThreadId(1) semantic_state {"locus":{"id":"scene:three","kind":"scene","label":"three"},"playhead":"0s","duration":"4s","playing":false,"interaction":"idle","gesture":{"kind":"none"},"drag":null,"last_gesture_error":null,"fixture":"dense-project","reason":"timeline-pointer-commit","focused":"studio"}
1787363917.839 pid=44135 tid=ThreadId(1) preview queue tree
1787363917.839 pid=44135 tid=ThreadId(1) semantic_state {"locus":{"id":"sequence:main","kind":"sequence","label":"main"},"playhead":"0s","duration":"4s","playing":false,"interaction":"idle","gesture":{"kind":"none"},"drag":null,"last_gesture_error":null,"fixture":"dense-project","reason":"tree-select","focused":"studio"}
1787364150.560 pid=44135 tid=ThreadId(2) smoke quit
