1787364305.427 pid=44882 tid=ThreadId(1) start exe=/workspace/target/debug/lattice-studio cwd=/workspace vel=/tmp/lattice-studio-ui-fixtures/dense-project/main.vel fixture=dense-project log=/tmp/capture/run2-fallback/studio.log preview=off autoplay=off smoke=120000ms rustc=0.1.0
1787364305.427 pid=44882 tid=ThreadId(1) renderer requested=require_cpu
1787364305.427 pid=44882 tid=ThreadId(1) compile/open /tmp/lattice-studio-ui-fixtures/dense-project/main.vel
1787364306.231 pid=44882 tid=ThreadId(1) ui fixture=dense-project
1787364306.231 pid=44882 tid=ThreadId(1) semantic_state {"locus":{"id":"one:title:1","kind":"title","label":"One"},"playhead":"0s","duration":"4s","playing":false,"interaction":"idle","gesture":{"kind":"none"},"drag":null,"last_gesture_error":null,"fixture":"dense-project","reason":"open"}
1787364306.231 pid=44882 tid=ThreadId(1) open ok dirty=false playhead=Time { num: 0, den: 1 } diagnostics=0
1787364306.231 pid=44882 tid=ThreadId(1) smoke timeout 120000ms
1787364306.231 pid=44882 tid=ThreadId(1) Application::run
1787364306.299 pid=44882 tid=ThreadId(1) open_window
1787364306.378 pid=44882 tid=ThreadId(1) StudioView::new
1787364306.378 pid=44882 tid=ThreadId(1) preview worker spawned
1787364306.378 pid=44882 tid=ThreadId(1) audio monitor explicitly disabled
1787364306.378 pid=44882 tid=ThreadId(1) first paint preview=none
1787364306.378 pid=44882 tid=ThreadId(1) semantic_state {"locus":{"id":"one:title:1","kind":"title","label":"One"},"playhead":"0s","duration":"4s","playing":false,"interaction":"idle","gesture":{"kind":"none"},"drag":null,"last_gesture_error":null,"fixture":"dense-project","reason":"first-paint"}
1787364306.653 pid=44882 tid=ThreadId(1) open_window ok
1787364306.653 pid=44882 tid=ThreadId(1) activate
1787364306.654 pid=44882 tid=ThreadId(1) smoke_geom {"play":{"x":1115.0,"y":67.0,"w":51.0,"h":30.0},"ruler":{"x":72.0,"y":685.0,"w":640.0,"h":23.0},"rail":{"x":72.0,"w":640.0},"tracks":[{"name":"Video","x":72.0,"y":723.0,"w":640.0,"h":22.0},{"name":"Audio","x":72.0,"y":755.0,"w":640.0,"h":22.0},{"name":"Text","x":72.0,"y":787.0,"w":640.0,"h":22.0}],"tree":[{"id":"sequence:main","kind":"sequence","label":"main","x":16.0,"y":150.0,"w":183.0,"h":23.0},{"id":"scene:one","kind":"scene","label":"one","x":30.0,"y":173.0,"w":183.0,"h":22.0},{"id":"source:clip-one","kind":"source","label":"clip-one","x":44.0,"y":196.0,"w":183.0,"h":23.0},{"id":"one:title:1","kind":"title","label":"One","x":44.0,"y":218.0,"w":183.0,"h":23.0},{"id":"one:callout:2","kind":"callout","label":"Cue 1","x":44.0,"y":241.0,"w":183.0,"h":22.0},{"id":"scene:two","kind":"scene","label":"two","x":30.0,"y":263.0,"w":183.0,"h":23.0},{"id":"source:clip-two","kind":"source","label":"clip-two","x":44.0,"y":286.0,"w":183.0,"h":23.0},{"id":"two:title:1","kind":"title","label":"Two","x":44.0,"y":308.0,"w":183.0,"h":22.0},{"id":"two:callout:2","kind":"callout","label":"Cue 2","x":44.0,"y":331.0,"w":183.0,"h":23.0},{"id":"scene:three","kind":"scene","label":"three","x":30.0,"y":354.0,"w":183.0,"h":22.0},{"id":"source:clip-three","kind":"source","label":"clip-three","x":44.0,"y":377.0,"w":183.0,"h":23.0},{"id":"three:title:1","kind":"title","label":"Three","x":44.0,"y":399.0,"w":183.0,"h":23.0},{"id":"three:callout:2","kind":"callout","label":"Cue 3","x":44.0,"y":422.0,"w":183.0,"h":22.0},{"id":"scene:four","kind":"scene","label":"four","x":30.0,"y":444.0,"w":183.0,"h":23.0},{"id":"source:clip-four","kind":"source","label":"clip-four","x":44.0,"y":467.0,"w":183.0,"h":23.0},{"id":"four:title:1","kind":"title","label":"Four","x":44.0,"y":489.0,"w":183.0,"h":22.0},{"id":"four:callout:2","kind":"callout","label":"Cue 4","x":44.0,"y":512.0,"w":183.0,"h":23.0}]}
1787364308.354 pid=44882 tid=ThreadId(1) preview queue tree
1787364308.354 pid=44882 tid=ThreadId(1) semantic_state {"locus":{"id":"sequence:main","kind":"sequence","label":"main"},"playhead":"0s","duration":"4s","playing":false,"interaction":"idle","gesture":{"kind":"none"},"drag":null,"last_gesture_error":null,"fixture":"dense-project","reason":"tree-select","focused":"studio"}
1787364309.234 pid=44882 tid=ThreadId(1) audio monitor disabled; skip invalidate edit
